D:\Work\FPGA\Embedded_Design\Lab2\implementation\system.ngc 1430043325
D:/Work/FPGA/Embedded_Design/Lab2/implementation/dip_switches_8bits_wrapper.ngc 1430043271
D:/Work/FPGA/Embedded_Design/Lab2/implementation/push_buttons_4bits_wrapper.ngc 1430043279
D:/Work/FPGA/Embedded_Design/Lab2/implementation/proc_sys_reset_0_wrapper.ngc 1430043243
D:/Work/FPGA/Embedded_Design/Lab2/implementation/clock_generator_0_wrapper.ngc 1430043309
D:/Work/FPGA/Embedded_Design/Lab2/implementation/rs232_uart_1_wrapper.ngc 1430043264
D:/Work/FPGA/Embedded_Design/Lab2/implementation/microblaze_0_ilmb_wrapper.ngc 1430043304
D:/Work/FPGA/Embedded_Design/Lab2/implementation/microblaze_0_dlmb_wrapper.ngc 1430043307
D:/Work/FPGA/Embedded_Design/Lab2/implementation/axi4lite_0_wrapper.ngc 1430043297
D:/Work/FPGA/Embedded_Design/Lab2/implementation/microblaze_0_wrapper.ngc 1430043301
D:/Work/FPGA/Embedded_Design/Lab2/implementation/microblaze_0_i_bram_ctrl_wrapper.ngc 1430043228
D:/Work/FPGA/Embedded_Design/Lab2/implementation/microblaze_0_d_bram_ctrl_wrapper.ngc 1430043233
D:/Work/FPGA/Embedded_Design/Lab2/implementation/debug_module_wrapper.ngc 1430043256
D:/Work/FPGA/Embedded_Design/Lab2/implementation/led_8bits_wrapper.ngc 1430043288
D:/Work/FPGA/Embedded_Design/Lab2/implementation/microblaze_0_bram_block_wrapper.ngc 1430043238
OK
