Release 14.7 - xst P.20131013 (nt64)
Copyright (c) 1995-2013 Xilinx, Inc.  All rights reserved.
--> Parameter TMPDIR set to xst/projnav.tmp


Total REAL time to Xst completion: 0.00 secs
Total CPU time to Xst completion: 0.16 secs
 
--> Parameter xsthdpdir set to xst


Total REAL time to Xst completion: 0.00 secs
Total CPU time to Xst completion: 0.16 secs
 
--> Reading design: seg7_d.prj

TABLE OF CONTENTS
  1) Synthesis Options Summary
  2) HDL Parsing
  3) HDL Elaboration
  4) HDL Synthesis
       4.1) HDL Synthesis Report
  5) Advanced HDL Synthesis
       5.1) Advanced HDL Synthesis Report
  6) Low Level Synthesis
  7) Partition Report
  8) Design Summary
       8.1) Primitive and Black Box Usage
       8.2) Device utilization summary
       8.3) Partition Resource Summary
       8.4) Timing Report
            8.4.1) Clock Information
            8.4.2) Asynchronous Control Signals Information
            8.4.3) Timing Summary
            8.4.4) Timing Details
            8.4.5) Cross Clock Domains Report


=========================================================================
*                      Synthesis Options Summary                        *
=========================================================================
---- Source Parameters
Input File Name                    : "seg7_d.prj"
Ignore Synthesis Constraint File   : NO

---- Target Parameters
Output File Name                   : "seg7_d"
Output Format                      : NGC
Target Device                      : xc6slx16-3-csg324

---- Source Options
Top Module Name                    : seg7_d
Automatic FSM Extraction           : YES
FSM Encoding Algorithm             : Auto
Safe Implementation                : No
FSM Style                          : LUT
RAM Extraction                     : Yes
RAM Style                          : Auto
ROM Extraction                     : Yes
Shift Register Extraction          : YES
ROM Style                          : Auto
Resource Sharing                   : YES
Asynchronous To Synchronous        : NO
Shift Register Minimum Size        : 2
Use DSP Block                      : Auto
Automatic Register Balancing       : No

---- Target Options
LUT Combining                      : Auto
Reduce Control Sets                : Auto
Add IO Buffers                     : YES
Global Maximum Fanout              : 100000
Add Generic Clock Buffer(BUFG)     : 16
Register Duplication               : YES
Optimize Instantiated Primitives   : NO
Use Clock Enable                   : Auto
Use Synchronous Set                : Auto
Use Synchronous Reset              : Auto
Pack IO Registers into IOBs        : Auto
Equivalent register Removal        : YES

---- General Options
Optimization Goal                  : Speed
Optimization Effort                : 1
Power Reduction                    : NO
Keep Hierarchy                     : No
Netlist Hierarchy                  : As_Optimized
RTL Output                         : Yes
Global Optimization                : AllClockNets
Read Cores                         : YES
Write Timing Constraints           : NO
Cross Clock Analysis               : NO
Hierarchy Separator                : /
Bus Delimiter                      : <>
Case Specifier                     : Maintain
Slice Utilization Ratio            : 100
BRAM Utilization Ratio             : 100
DSP48 Utilization Ratio            : 100
Auto BRAM Packing                  : NO
Slice Utilization Ratio Delta      : 5

=========================================================================


=========================================================================
*                          HDL Parsing                                  *
=========================================================================
Analyzing Verilog file "C:\FPGA\seg7_d\seg7_d.v" into library work
Parsing module <seg7_d>.

=========================================================================
*                            HDL Elaboration                            *
=========================================================================

Elaborating module <seg7_d>.
WARNING:HDLCompiler:413 - "C:\FPGA\seg7_d\seg7_d.v" Line 39: Result of 20-bit expression is truncated to fit in 19-bit target.
WARNING:HDLCompiler:413 - "C:\FPGA\seg7_d\seg7_d.v" Line 86: Result of 3-bit expression is truncated to fit in 2-bit target.

=========================================================================
*                           HDL Synthesis                               *
=========================================================================

Synthesizing Unit <seg7_d>.
    Related source file is "C:\FPGA\seg7_d\seg7_d.v".
    Found 2-bit register for signal <an_sel>.
    Found 4-bit register for signal <an>.
    Found 4-bit register for signal <digit>.
    Found 19-bit register for signal <clk_div>.
    Found 19-bit adder for signal <clk_div[18]_GND_1_o_add_2_OUT> created at line 39.
    Found 2-bit adder for signal <an_sel[1]_GND_1_o_add_10_OUT> created at line 86.
    Found 16x7-bit Read Only RAM for signal <a_to_g>
    Found 4x4-bit Read Only RAM for signal <an_sel[1]_GND_1_o_wide_mux_8_OUT>
    Summary:
	inferred   2 RAM(s).
	inferred   2 Adder/Subtractor(s).
	inferred  29 D-type flip-flop(s).
	inferred   3 Multiplexer(s).
Unit <seg7_d> synthesized.

=========================================================================
HDL Synthesis Report

Macro Statistics
# RAMs                                                 : 2
 16x7-bit single-port Read Only RAM                    : 1
 4x4-bit single-port Read Only RAM                     : 1
# Adders/Subtractors                                   : 2
 19-bit adder                                          : 1
 2-bit adder                                           : 1
# Registers                                            : 4
 19-bit register                                       : 1
 2-bit register                                        : 1
 4-bit register                                        : 2
# Multiplexers                                         : 3
 4-bit 2-to-1 multiplexer                              : 3

=========================================================================

=========================================================================
*                       Advanced HDL Synthesis                          *
=========================================================================


Synthesizing (advanced) Unit <seg7_d>.
The following registers are absorbed into counter <an_sel>: 1 register on signal <an_sel>.
The following registers are absorbed into counter <clk_div>: 1 register on signal <clk_div>.
INFO:Xst:3231 - The small RAM <Mram_a_to_g> will be implemented on LUTs in order to maximize performance and save block RAM resources. If you want to force its implementation on block, use option/constraint ram_style.
    -----------------------------------------------------------------------
    | ram_type           | Distributed                         |          |
    -----------------------------------------------------------------------
    | Port A                                                              |
    |     aspect ratio   | 16-word x 7-bit                     |          |
    |     weA            | connected to signal <GND>           | high     |
    |     addrA          | connected to signal <digit>         |          |
    |     diA            | connected to signal <GND>           |          |
    |     doA            | connected to signal <a_to_g>        |          |
    -----------------------------------------------------------------------
INFO:Xst:3231 - The small RAM <Mram_an_sel[1]_GND_1_o_wide_mux_8_OUT> will be implemented on LUTs in order to maximize performance and save block RAM resources. If you want to force its implementation on block, use option/constraint ram_style.
    -----------------------------------------------------------------------
    | ram_type           | Distributed                         |          |
    -----------------------------------------------------------------------
    | Port A                                                              |
    |     aspect ratio   | 4-word x 4-bit                      |          |
    |     weA            | connected to signal <GND>           | high     |
    |     addrA          | connected to signal <an_sel>        |          |
    |     diA            | connected to signal <GND>           |          |
    |     doA            | connected to internal node          |          |
    -----------------------------------------------------------------------
Unit <seg7_d> synthesized (advanced).

=========================================================================
Advanced HDL Synthesis Report

Macro Statistics
# RAMs                                                 : 2
 16x7-bit single-port distributed Read Only RAM        : 1
 4x4-bit single-port distributed Read Only RAM         : 1
# Counters                                             : 2
 19-bit up counter                                     : 1
 2-bit up counter                                      : 1
# Registers                                            : 8
 Flip-Flops                                            : 8
# Multiplexers                                         : 3
 4-bit 2-to-1 multiplexer                              : 3

=========================================================================

=========================================================================
*                         Low Level Synthesis                           *
=========================================================================

Optimizing unit <seg7_d> ...

Mapping all equations...
Building and optimizing final netlist ...
Found area constraint ratio of 100 (+ 5) on block seg7_d, actual ratio is 0.

Final Macro Processing ...

=========================================================================
Final Register Report

Macro Statistics
# Registers                                            : 29
 Flip-Flops                                            : 29

=========================================================================

=========================================================================
*                           Partition Report                            *
=========================================================================

Partition Implementation Status
-------------------------------

  No Partitions were found in this design.

-------------------------------

=========================================================================
*                            Design Summary                             *
=========================================================================

Top Level Output File Name         : seg7_d.ngc

Primitive and Black Box Usage:
------------------------------
# BELS                             : 76
#      GND                         : 1
#      INV                         : 3
#      LUT1                        : 18
#      LUT2                        : 5
#      LUT3                        : 4
#      LUT4                        : 7
#      MUXCY                       : 18
#      VCC                         : 1
#      XORCY                       : 19
# FlipFlops/Latches                : 29
#      FDE                         : 8
#      FDR                         : 21
# Clock Buffers                    : 1
#      BUFGP                       : 1
# IO Buffers                       : 20
#      IBUF                        : 9
#      OBUF                        : 11

Device utilization summary:
---------------------------

Selected Device : 6slx16csg324-3 


Slice Logic Utilization: 
 Number of Slice Registers:              29  out of  18224     0%  
 Number of Slice LUTs:                   37  out of   9112     0%  
    Number used as Logic:                37  out of   9112     0%  

Slice Logic Distribution: 
 Number of LUT Flip Flop pairs used:     37
   Number with an unused Flip Flop:       8  out of     37    21%  
   Number with an unused LUT:             0  out of     37     0%  
   Number of fully used LUT-FF pairs:    29  out of     37    78%  
   Number of unique control sets:         3

IO Utilization: 
 Number of IOs:                          21
 Number of bonded IOBs:                  21  out of    232     9%  

Specific Feature Utilization:
 Number of BUFG/BUFGCTRLs:                1  out of     16     6%  

---------------------------
Partition Resource Summary:
---------------------------

  No Partitions were found in this design.

---------------------------


=========================================================================
Timing Report

NOTE: THESE TIMING NUMBERS ARE ONLY A SYNTHESIS ESTIMATE.
      FOR ACCURATE TIMING INFORMATION PLEASE REFER TO THE TRACE REPORT
      GENERATED AFTER PLACE-and-ROUTE.

Clock Information:
------------------
-----------------------------------+------------------------+-------+
Clock Signal                       | Clock buffer(FF name)  | Load  |
-----------------------------------+------------------------+-------+
clk_div_18                         | NONE(an_0)             | 10    |
clk                                | BUFGP                  | 19    |
-----------------------------------+------------------------+-------+
INFO:Xst:2169 - HDL ADVISOR - Some clock signals were not automatically buffered by XST with BUFG/BUFR resources. Please use the buffer_type constraint in order to insert these buffers to the clock signals to help prevent skew problems.

Asynchronous Control Signals Information:
----------------------------------------
No asynchronous control signals found in this design

Timing Summary:
---------------
Speed Grade: -3

   Minimum period: 2.190ns (Maximum Frequency: 456.663MHz)
   Minimum input arrival time before clock: 3.685ns
   Maximum output required time after clock: 4.821ns
   Maximum combinational path delay: No path found

Timing Details:
---------------
All values displayed in nanoseconds (ns)

=========================================================================
Timing constraint: Default period analysis for Clock 'clk_div_18'
  Clock period: 2.190ns (frequency: 456.663MHz)
  Total number of paths / destination ports: 15 / 10
-------------------------------------------------------------------------
Delay:               2.190ns (Levels of Logic = 1)
  Source:            an_sel_0 (FF)
  Destination:       an_sel_0 (FF)
  Source Clock:      clk_div_18 rising
  Destination Clock: clk_div_18 rising

  Data Path: an_sel_0 to an_sel_0
                                Gate     Net
    Cell:in->out      fanout   Delay   Delay  Logical Name (Net Name)
    ----------------------------------------  ------------
     FDR:C->Q             10   0.447   0.856  an_sel_0 (an_sel_0)
     INV:I->O              1   0.206   0.579  Mcount_an_sel_xor<0>11_INV_0 (Result<0>1)
     FDR:D                     0.102          an_sel_0
    ----------------------------------------
    Total                      2.190ns (0.755ns logic, 1.435ns route)
                                       (34.5% logic, 65.5% route)

=========================================================================
Timing constraint: Default period analysis for Clock 'clk'
  Clock period: 2.009ns (frequency: 497.797MHz)
  Total number of paths / destination ports: 190 / 19
-------------------------------------------------------------------------
Delay:               2.009ns (Levels of Logic = 20)
  Source:            clk_div_0 (FF)
  Destination:       clk_div_18 (FF)
  Source Clock:      clk rising
  Destination Clock: clk rising

  Data Path: clk_div_0 to clk_div_18
                                Gate     Net
    Cell:in->out      fanout   Delay   Delay  Logical Name (Net Name)
    ----------------------------------------  ------------
     FDR:C->Q              1   0.447   0.579  clk_div_0 (clk_div_0)
     INV:I->O              1   0.206   0.000  Mcount_clk_div_lut<0>_INV_0 (Mcount_clk_div_lut<0>)
     MUXCY:S->O            1   0.172   0.000  Mcount_clk_div_cy<0> (Mcount_clk_div_cy<0>)
     MUXCY:CI->O           1   0.019   0.000  Mcount_clk_div_cy<1> (Mcount_clk_div_cy<1>)
     MUXCY:CI->O           1   0.019   0.000  Mcount_clk_div_cy<2> (Mcount_clk_div_cy<2>)
     MUXCY:CI->O           1   0.019   0.000  Mcount_clk_div_cy<3> (Mcount_clk_div_cy<3>)
     MUXCY:CI->O           1   0.019   0.000  Mcount_clk_div_cy<4> (Mcount_clk_div_cy<4>)
     MUXCY:CI->O           1   0.019   0.000  Mcount_clk_div_cy<5> (Mcount_clk_div_cy<5>)
     MUXCY:CI->O           1   0.019   0.000  Mcount_clk_div_cy<6> (Mcount_clk_div_cy<6>)
     MUXCY:CI->O           1   0.019   0.000  Mcount_clk_div_cy<7> (Mcount_clk_div_cy<7>)
     MUXCY:CI->O           1   0.019   0.000  Mcount_clk_div_cy<8> (Mcount_clk_div_cy<8>)
     MUXCY:CI->O           1   0.019   0.000  Mcount_clk_div_cy<9> (Mcount_clk_div_cy<9>)
     MUXCY:CI->O           1   0.019   0.000  Mcount_clk_div_cy<10> (Mcount_clk_div_cy<10>)
     MUXCY:CI->O           1   0.019   0.000  Mcount_clk_div_cy<11> (Mcount_clk_div_cy<11>)
     MUXCY:CI->O           1   0.019   0.000  Mcount_clk_div_cy<12> (Mcount_clk_div_cy<12>)
     MUXCY:CI->O           1   0.019   0.000  Mcount_clk_div_cy<13> (Mcount_clk_div_cy<13>)
     MUXCY:CI->O           1   0.019   0.000  Mcount_clk_div_cy<14> (Mcount_clk_div_cy<14>)
     MUXCY:CI->O           1   0.019   0.000  Mcount_clk_div_cy<15> (Mcount_clk_div_cy<15>)
     MUXCY:CI->O           1   0.019   0.000  Mcount_clk_div_cy<16> (Mcount_clk_div_cy<16>)
     MUXCY:CI->O           0   0.019   0.000  Mcount_clk_div_cy<17> (Mcount_clk_div_cy<17>)
     XORCY:CI->O           1   0.180   0.000  Mcount_clk_div_xor<18> (Result<18>)
     FDR:D                     0.102          clk_div_18
    ----------------------------------------
    Total                      2.009ns (1.430ns logic, 0.579ns route)
                                       (71.2% logic, 28.8% route)

=========================================================================
Timing constraint: Default OFFSET IN BEFORE for Clock 'clk_div_18'
  Total number of paths / destination ports: 18 / 14
-------------------------------------------------------------------------
Offset:              3.685ns (Levels of Logic = 2)
  Source:            rst (PAD)
  Destination:       an_0 (FF)
  Destination Clock: clk_div_18 rising

  Data Path: rst to an_0
                                Gate     Net
    Cell:in->out      fanout   Delay   Delay  Logical Name (Net Name)
    ----------------------------------------  ------------
     IBUF:I->O            22   1.222   1.133  rst_IBUF (rst_IBUF)
     INV:I->O              8   0.206   0.802  rst_inv1_INV_0 (rst_inv)
     FDE:CE                    0.322          an_0
    ----------------------------------------
    Total                      3.685ns (1.750ns logic, 1.935ns route)
                                       (47.5% logic, 52.5% route)

=========================================================================
Timing constraint: Default OFFSET IN BEFORE for Clock 'clk'
  Total number of paths / destination ports: 19 / 19
-------------------------------------------------------------------------
Offset:              2.785ns (Levels of Logic = 1)
  Source:            rst (PAD)
  Destination:       clk_div_0 (FF)
  Destination Clock: clk rising

  Data Path: rst to clk_div_0
                                Gate     Net
    Cell:in->out      fanout   Delay   Delay  Logical Name (Net Name)
    ----------------------------------------  ------------
     IBUF:I->O            22   1.222   1.133  rst_IBUF (rst_IBUF)
     FDR:R                     0.430          clk_div_0
    ----------------------------------------
    Total                      2.785ns (1.652ns logic, 1.133ns route)
                                       (59.3% logic, 40.7% route)

=========================================================================
Timing constraint: Default OFFSET OUT AFTER for Clock 'clk_div_18'
  Total number of paths / destination ports: 32 / 11
-------------------------------------------------------------------------
Offset:              4.821ns (Levels of Logic = 2)
  Source:            digit_1 (FF)
  Destination:       a_to_g<6> (PAD)
  Source Clock:      clk_div_18 rising

  Data Path: digit_1 to a_to_g<6>
                                Gate     Net
    Cell:in->out      fanout   Delay   Delay  Logical Name (Net Name)
    ----------------------------------------  ------------
     FDE:C->Q              7   0.447   1.021  digit_1 (digit_1)
     LUT4:I0->O            1   0.203   0.579  Mram_a_to_g11 (a_to_g_0_OBUF)
     OBUF:I->O                 2.571          a_to_g_0_OBUF (a_to_g<0>)
    ----------------------------------------
    Total                      4.821ns (3.221ns logic, 1.600ns route)
                                       (66.8% logic, 33.2% route)

=========================================================================

Cross Clock Domains Report:
--------------------------

Clock to Setup on destination clock clk
---------------+---------+---------+---------+---------+
               | Src:Rise| Src:Fall| Src:Rise| Src:Fall|
Source Clock   |Dest:Rise|Dest:Rise|Dest:Fall|Dest:Fall|
---------------+---------+---------+---------+---------+
clk            |    2.009|         |         |         |
---------------+---------+---------+---------+---------+

Clock to Setup on destination clock clk_div_18
---------------+---------+---------+---------+---------+
               | Src:Rise| Src:Fall| Src:Rise| Src:Fall|
Source Clock   |Dest:Rise|Dest:Rise|Dest:Fall|Dest:Fall|
---------------+---------+---------+---------+---------+
clk_div_18     |    2.190|         |         |         |
---------------+---------+---------+---------+---------+

=========================================================================


Total REAL time to Xst completion: 5.00 secs
Total CPU time to Xst completion: 5.75 secs
 
--> 

Total memory usage is 291076 kilobytes

Number of errors   :    0 (   0 filtered)
Number of warnings :    2 (   0 filtered)
Number of infos    :    3 (   0 filtered)

