--------------------------------------------------------------------------------
Release 14.7 Trace  (nt64)
Copyright (c) 1995-2013 Xilinx, Inc.  All rights reserved.

C:\Xilinx\14.7\ISE_DS\ISE\bin\nt64\unwrapped\trce.exe -intstyle ise -v 3 -s 3
-n 3 -fastpaths -xml gate2.twx gate2.ncd -o gate2.twr gate2.pcf -ucf gate2.ucf

Design file:              gate2.ncd
Physical constraint file: gate2.pcf
Device,package,speed:     xc6slx16,csg324,C,-3 (PRODUCTION 1.23 2013-10-13)
Report level:             verbose report

Environment Variable      Effect 
--------------------      ------ 
NONE                      No environment variables were set
--------------------------------------------------------------------------------

INFO:Timing:2698 - No timing constraints found, doing default enumeration.
INFO:Timing:3412 - To improve timing, see the Timing Closure User Guide (UG612).
INFO:Timing:2752 - To get complete path coverage, use the unconstrained paths 
   option. All paths that are not constrained will be reported in the 
   unconstrained paths section(s) of the report.
INFO:Timing:3339 - The clock-to-out numbers in this timing report are based on 
   a 50 Ohm transmission line loading model.  For the details of this model, 
   and for more information on accounting for different loading conditions, 
   please see the device datasheet.



Data Sheet report:
-----------------
All values displayed in nanoseconds (ns)

Pad to Pad
---------------+---------------+---------+
Source Pad     |Destination Pad|  Delay  |
---------------+---------------+---------+
a              |z<0>           |    7.270|
a              |z<1>           |    7.401|
a              |z<2>           |    7.338|
a              |z<3>           |    7.367|
a              |z<4>           |    8.103|
a              |z<5>           |    7.817|
b              |z<0>           |    7.373|
b              |z<1>           |    7.155|
b              |z<2>           |    7.441|
b              |z<3>           |    7.525|
b              |z<4>           |    7.857|
b              |z<5>           |    7.975|
---------------+---------------+---------+


Analysis completed Sat Jun 11 16:54:58 2016 
--------------------------------------------------------------------------------

Trace Settings:
-------------------------
Trace Settings 

Peak Memory Usage: 221 MB



