--------------------------------------------------------------------------------
Release 14.7 Trace  (nt64)
Copyright (c) 1995-2013 Xilinx, Inc.  All rights reserved.

C:\Xilinx\14.7\ISE_DS\ISE\bin\nt64\unwrapped\trce.exe -intstyle ise -v 3 -s 3
-n 3 -fastpaths -xml vend.twx vend.ncd -o vend.twr vend.pcf -ucf vend.ucf

Design file:              vend.ncd
Physical constraint file: vend.pcf
Device,package,speed:     xc6slx16,csg324,C,-3 (PRODUCTION 1.23 2013-10-13)
Report level:             verbose report

Environment Variable      Effect 
--------------------      ------ 
NONE                      No environment variables were set
--------------------------------------------------------------------------------

INFO:Timing:2698 - No timing constraints found, doing default enumeration.
INFO:Timing:3412 - To improve timing, see the Timing Closure User Guide (UG612).
INFO:Timing:2752 - To get complete path coverage, use the unconstrained paths 
   option. All paths that are not constrained will be reported in the 
   unconstrained paths section(s) of the report.
INFO:Timing:3339 - The clock-to-out numbers in this timing report are based on 
   a 50 Ohm transmission line loading model.  For the details of this model, 
   and for more information on accounting for different loading conditions, 
   please see the device datasheet.



Data Sheet report:
-----------------
All values displayed in nanoseconds (ns)

Setup/Hold to clock clk
------------+------------+------------+------------+------------+------------------+--------+
            |Max Setup to|  Process   |Max Hold to |  Process   |                  | Clock  |
Source      | clk (edge) |   Corner   | clk (edge) |   Corner   |Internal Clock(s) | Phase  |
------------+------------+------------+------------+------------+------------------+--------+
rst         |    0.873(R)|      FAST  |   -0.237(R)|      SLOW  |clk_BUFGP         |   0.000|
------------+------------+------------+------------+------------+------------------+--------+

Setup/Hold to clock enb
------------+------------+------------+------------+------------+------------------+--------+
            |Max Setup to|  Process   |Max Hold to |  Process   |                  | Clock  |
Source      | clk (edge) |   Corner   | clk (edge) |   Corner   |Internal Clock(s) | Phase  |
------------+------------+------------+------------+------------+------------------+--------+
c<0>        |    1.917(R)|      SLOW  |   -0.726(R)|      SLOW  |enb_BUFGP         |   0.000|
c<1>        |    1.415(R)|      SLOW  |   -0.236(R)|      SLOW  |enb_BUFGP         |   0.000|
c<2>        |    1.278(R)|      SLOW  |   -0.108(R)|      SLOW  |enb_BUFGP         |   0.000|
c<3>        |    1.976(R)|      SLOW  |   -0.770(R)|      SLOW  |enb_BUFGP         |   0.000|
c<4>        |    1.429(R)|      SLOW  |   -0.255(R)|      SLOW  |enb_BUFGP         |   0.000|
c<5>        |    1.141(R)|      SLOW  |    0.022(R)|      SLOW  |enb_BUFGP         |   0.000|
c<6>        |    0.954(R)|      SLOW  |    0.197(R)|      SLOW  |enb_BUFGP         |   0.000|
c<7>        |    1.383(R)|      SLOW  |   -0.213(R)|      SLOW  |enb_BUFGP         |   0.000|
------------+------------+------------+------------+------------+------------------+--------+

Clock clk to Pad
------------+-----------------+------------+-----------------+------------+------------------+--------+
            |Max (slowest) clk|  Process   |Min (fastest) clk|  Process   |                  | Clock  |
Destination |  (edge) to PAD  |   Corner   |  (edge) to PAD  |   Corner   |Internal Clock(s) | Phase  |
------------+-----------------+------------+-----------------+------------+------------------+--------+
n           |         7.399(R)|      SLOW  |         3.923(R)|      FAST  |clk_BUFGP         |   0.000|
------------+-----------------+------------+-----------------+------------+------------------+--------+

Clock to Setup on destination clock clk
---------------+---------+---------+---------+---------+
               | Src:Rise| Src:Fall| Src:Rise| Src:Fall|
Source Clock   |Dest:Rise|Dest:Rise|Dest:Fall|Dest:Fall|
---------------+---------+---------+---------+---------+
clk            |    1.237|         |         |         |
enb            |    2.087|         |         |         |
---------------+---------+---------+---------+---------+

Clock to Setup on destination clock enb
---------------+---------+---------+---------+---------+
               | Src:Rise| Src:Fall| Src:Rise| Src:Fall|
Source Clock   |Dest:Rise|Dest:Rise|Dest:Fall|Dest:Fall|
---------------+---------+---------+---------+---------+
clk            |    2.532|         |         |         |
---------------+---------+---------+---------+---------+


Analysis completed Thu Jun 23 20:03:58 2016 
--------------------------------------------------------------------------------

Trace Settings:
-------------------------
Trace Settings 

Peak Memory Usage: 223 MB



