
**** Build of configuration Debug for project peripheral_tests_0 ****

make all 
Building file: ../src/xgpio_tapp_example.c
Invoking: MicroBlaze gcc compiler
mb-gcc -Wall -O0 -g3 -c -fmessage-length=0 -I../../standalone_bsp_0/microblaze_0/include -mlittle-endian -mxl-barrel-shift -mxl-pattern-compare -mcpu=v8.10.a -mno-xl-soft-mul -MMD -MP -MF"src/xgpio_tapp_example.d" -MT"src/xgpio_tapp_example.d" -o"src/xgpio_tapp_example.o" "../src/xgpio_tapp_example.c"
../src/xgpio_tapp_example.c: In function 'GpioOutputExample':
../src/xgpio_tapp_example.c:185: warning: unused variable 'Data'
Finished building: ../src/xgpio_tapp_example.c
' '
Building target: peripheral_tests_0.elf
Invoking: MicroBlaze gcc linker
mb-gcc -Wl,-T -Wl,../src/lscript.ld -L../../standalone_bsp_0/microblaze_0/lib -mlittle-endian -mxl-barrel-shift -mxl-pattern-compare -mcpu=v8.10.a -mno-xl-soft-mul -o"peripheral_tests_0.elf"  ./src/testperiph.o ./src/xgpio_tapp_example.o ./src/xuartlite_selftest_example.o   
Finished building target: peripheral_tests_0.elf
' '
Invoking: MicroBlaze Print Size
mb-size peripheral_tests_0.elf  |tee "peripheral_tests_0.elf.size"
   text	   data	    bss	    dec	    hex	filename
   8690	    384	   2206	  11280	   2c10	peripheral_tests_0.elf
Finished building: peripheral_tests_0.elf.size
' '
Invoking: Xilinx ELF Check
elfcheck peripheral_tests_0.elf -hw ../../hw_platform_0/system.xml -pe microblaze_0  |tee "peripheral_tests_0.elf.elfcheck"
elfcheck
Xilinx EDK 13.1 Build EDK_O.40d
Copyright (c) 1995-2010 Xilinx, Inc.  All rights reserved.

Command Line: elfcheck -hw ../../hw_platform_0/system.xml -pe microblaze_0
peripheral_tests_0.elf 

ELF file	: peripheral_tests_0.elf
elfcheck passed.
Finished building: peripheral_tests_0.elf.elfcheck
' '
