--------------------------------------------------------------------------------
Release 13.1 Trace  (nt64)
Copyright (c) 1995-2011 Xilinx, Inc.  All rights reserved.

D:\FPGA\Xilinx\13.1\ISE_DS\ISE\bin\nt64\unwrapped\trce.exe -intstyle ise -v 3
-s 3 -n 3 -fastpaths -xml PSRAM_asyn.twx PSRAM_asyn.ncd -o PSRAM_asyn.twr
PSRAM_asyn.pcf -ucf PSRAM_asyn.ucf

Design file:              PSRAM_asyn.ncd
Physical constraint file: PSRAM_asyn.pcf
Device,package,speed:     xc6slx16,csg324,C,-3 (PRODUCTION 1.17 2011-02-03)
Report level:             verbose report

Environment Variable      Effect 
--------------------      ------ 
NONE                      No environment variables were set
--------------------------------------------------------------------------------

INFO:Timing:2698 - No timing constraints found, doing default enumeration.
INFO:Timing:2752 - To get complete path coverage, use the unconstrained paths 
   option. All paths that are not constrained will be reported in the 
   unconstrained paths section(s) of the report.
INFO:Timing:3339 - The clock-to-out numbers in this timing report are based on 
   a 50 Ohm transmission line loading model.  For the details of this model, 
   and for more information on accounting for different loading conditions, 
   please see the device datasheet.



Data Sheet report:
-----------------
All values displayed in nanoseconds (ns)

Setup/Hold to clock clk
------------+------------+------------+------------+------------+------------------+--------+
            |Max Setup to|  Process   |Max Hold to |  Process   |                  | Clock  |
Source      | clk (edge) |   Corner   | clk (edge) |   Corner   |Internal Clock(s) | Phase  |
------------+------------+------------+------------+------------+------------------+--------+
clr         |    6.194(R)|      SLOW  |   -0.968(R)|      FAST  |clk_BUFGP         |   0.000|
we_en       |    6.108(R)|      SLOW  |   -0.431(R)|      SLOW  |clk_BUFGP         |   0.000|
------------+------------+------------+------------+------------+------------------+--------+

Clock clk to Pad
------------+-----------------+------------+-----------------+------------+------------------+--------+
            |Max (slowest) clk|  Process   |Min (fastest) clk|  Process   |                  | Clock  |
Destination |  (edge) to PAD  |   Corner   |  (edge) to PAD  |   Corner   |Internal Clock(s) | Phase  |
------------+-----------------+------------+-----------------+------------+------------------+--------+
a_to_g<0>   |         9.964(R)|      SLOW  |         4.722(R)|      FAST  |clk_BUFGP         |   0.000|
a_to_g<1>   |         9.782(R)|      SLOW  |         4.598(R)|      FAST  |clk_BUFGP         |   0.000|
a_to_g<2>   |        10.177(R)|      SLOW  |         4.848(R)|      FAST  |clk_BUFGP         |   0.000|
a_to_g<3>   |         9.780(R)|      SLOW  |         4.800(R)|      FAST  |clk_BUFGP         |   0.000|
a_to_g<4>   |         9.846(R)|      SLOW  |         4.823(R)|      FAST  |clk_BUFGP         |   0.000|
a_to_g<5>   |        10.060(R)|      SLOW  |         4.820(R)|      FAST  |clk_BUFGP         |   0.000|
a_to_g<6>   |        10.101(R)|      SLOW  |         4.642(R)|      FAST  |clk_BUFGP         |   0.000|
addr<0>     |         9.197(R)|      SLOW  |         4.809(R)|      FAST  |clk_BUFGP         |   0.000|
addr<1>     |         9.061(R)|      SLOW  |         4.694(R)|      FAST  |clk_BUFGP         |   0.000|
addr<2>     |         9.236(R)|      SLOW  |         4.454(R)|      FAST  |clk_BUFGP         |   0.000|
addr<3>     |         8.981(R)|      SLOW  |         4.447(R)|      FAST  |clk_BUFGP         |   0.000|
addr<4>     |         8.209(R)|      SLOW  |         4.214(R)|      FAST  |clk_BUFGP         |   0.000|
addr<5>     |         8.024(R)|      SLOW  |         4.011(R)|      FAST  |clk_BUFGP         |   0.000|
addr<6>     |         8.061(R)|      SLOW  |         4.231(R)|      FAST  |clk_BUFGP         |   0.000|
addr<7>     |         8.294(R)|      SLOW  |         4.217(R)|      FAST  |clk_BUFGP         |   0.000|
addr<8>     |         8.206(R)|      SLOW  |         4.308(R)|      FAST  |clk_BUFGP         |   0.000|
addr<9>     |         8.048(R)|      SLOW  |         4.047(R)|      FAST  |clk_BUFGP         |   0.000|
addr<10>    |         8.985(R)|      SLOW  |         4.655(R)|      FAST  |clk_BUFGP         |   0.000|
addr<11>    |         8.774(R)|      SLOW  |         4.510(R)|      FAST  |clk_BUFGP         |   0.000|
addr<12>    |         8.899(R)|      SLOW  |         4.634(R)|      FAST  |clk_BUFGP         |   0.000|
addr<13>    |         8.854(R)|      SLOW  |         4.588(R)|      FAST  |clk_BUFGP         |   0.000|
addr<14>    |         8.869(R)|      SLOW  |         4.603(R)|      FAST  |clk_BUFGP         |   0.000|
addr<15>    |         8.667(R)|      SLOW  |         4.534(R)|      FAST  |clk_BUFGP         |   0.000|
addr<16>    |         8.785(R)|      SLOW  |         4.651(R)|      FAST  |clk_BUFGP         |   0.000|
addr<17>    |         9.409(R)|      SLOW  |         5.058(R)|      FAST  |clk_BUFGP         |   0.000|
addr<18>    |         8.835(R)|      SLOW  |         4.454(R)|      FAST  |clk_BUFGP         |   0.000|
addr<19>    |         8.821(R)|      SLOW  |         4.666(R)|      FAST  |clk_BUFGP         |   0.000|
addr<20>    |         9.243(R)|      SLOW  |         4.824(R)|      FAST  |clk_BUFGP         |   0.000|
addr<21>    |         8.753(R)|      SLOW  |         4.503(R)|      FAST  |clk_BUFGP         |   0.000|
addr<22>    |         9.004(R)|      SLOW  |         4.495(R)|      FAST  |clk_BUFGP         |   0.000|
an<0>       |         8.023(R)|      SLOW  |         4.112(R)|      FAST  |clk_BUFGP         |   0.000|
an<1>       |         8.263(R)|      SLOW  |         4.268(R)|      FAST  |clk_BUFGP         |   0.000|
an<2>       |         8.636(R)|      SLOW  |         4.578(R)|      FAST  |clk_BUFGP         |   0.000|
an<3>       |         8.782(R)|      SLOW  |         4.659(R)|      FAST  |clk_BUFGP         |   0.000|
data<0>     |         9.111(R)|      SLOW  |         4.178(R)|      FAST  |clk_BUFGP         |   0.000|
data<1>     |         8.960(R)|      SLOW  |         3.987(R)|      FAST  |clk_BUFGP         |   0.000|
data<2>     |         8.960(R)|      SLOW  |         4.009(R)|      FAST  |clk_BUFGP         |   0.000|
data<3>     |         8.302(R)|      SLOW  |         3.949(R)|      FAST  |clk_BUFGP         |   0.000|
data<4>     |         8.636(R)|      SLOW  |         3.970(R)|      FAST  |clk_BUFGP         |   0.000|
data<5>     |         8.748(R)|      SLOW  |         4.134(R)|      FAST  |clk_BUFGP         |   0.000|
data<6>     |         8.748(R)|      SLOW  |         4.134(R)|      FAST  |clk_BUFGP         |   0.000|
data<7>     |         8.399(R)|      SLOW  |         4.017(R)|      FAST  |clk_BUFGP         |   0.000|
data<8>     |         8.933(R)|      SLOW  |         4.333(R)|      FAST  |clk_BUFGP         |   0.000|
data<9>     |         8.933(R)|      SLOW  |         4.260(R)|      FAST  |clk_BUFGP         |   0.000|
data<10>    |         8.720(R)|      SLOW  |         4.173(R)|      FAST  |clk_BUFGP         |   0.000|
data<11>    |         8.606(R)|      SLOW  |         4.356(R)|      FAST  |clk_BUFGP         |   0.000|
data<12>    |         8.606(R)|      SLOW  |         4.227(R)|      FAST  |clk_BUFGP         |   0.000|
data<13>    |         8.057(R)|      SLOW  |         4.087(R)|      FAST  |clk_BUFGP         |   0.000|
data<14>    |         7.522(R)|      SLOW  |         3.712(R)|      FAST  |clk_BUFGP         |   0.000|
data<15>    |         7.685(R)|      SLOW  |         3.910(R)|      FAST  |clk_BUFGP         |   0.000|
------------+-----------------+------------+-----------------+------------+------------------+--------+

Clock to Setup on destination clock clk
---------------+---------+---------+---------+---------+
               | Src:Rise| Src:Fall| Src:Rise| Src:Fall|
Source Clock   |Dest:Rise|Dest:Rise|Dest:Fall|Dest:Fall|
---------------+---------+---------+---------+---------+
clk            |    4.357|         |         |         |
---------------+---------+---------+---------+---------+

Pad to Pad
---------------+---------------+---------+
Source Pad     |Destination Pad|  Delay  |
---------------+---------------+---------+
data<0>        |a_to_g<0>      |    8.149|
data<0>        |a_to_g<1>      |    8.128|
data<0>        |a_to_g<2>      |    8.523|
data<0>        |a_to_g<3>      |    8.260|
data<0>        |a_to_g<4>      |    8.326|
data<0>        |a_to_g<5>      |    8.245|
data<0>        |a_to_g<6>      |    8.731|
data<1>        |a_to_g<0>      |    8.608|
data<1>        |a_to_g<1>      |    8.426|
data<1>        |a_to_g<2>      |    8.821|
data<1>        |a_to_g<3>      |    8.424|
data<1>        |a_to_g<4>      |    8.490|
data<1>        |a_to_g<5>      |    8.704|
data<1>        |a_to_g<6>      |    8.745|
data<2>        |a_to_g<0>      |    8.160|
data<2>        |a_to_g<1>      |    7.493|
data<2>        |a_to_g<2>      |    7.888|
data<2>        |a_to_g<3>      |    8.229|
data<2>        |a_to_g<4>      |    8.295|
data<2>        |a_to_g<5>      |    8.256|
data<2>        |a_to_g<6>      |    7.829|
data<3>        |a_to_g<0>      |    8.540|
data<3>        |a_to_g<1>      |    7.992|
data<3>        |a_to_g<2>      |    8.387|
data<3>        |a_to_g<3>      |    8.385|
data<3>        |a_to_g<4>      |    8.451|
data<3>        |a_to_g<5>      |    8.636|
data<3>        |a_to_g<6>      |    8.095|
data<4>        |a_to_g<0>      |    8.469|
data<4>        |a_to_g<1>      |    8.448|
data<4>        |a_to_g<2>      |    8.843|
data<4>        |a_to_g<3>      |    8.580|
data<4>        |a_to_g<4>      |    8.646|
data<4>        |a_to_g<5>      |    8.565|
data<4>        |a_to_g<6>      |    9.051|
data<5>        |a_to_g<0>      |    9.156|
data<5>        |a_to_g<1>      |    8.974|
data<5>        |a_to_g<2>      |    9.369|
data<5>        |a_to_g<3>      |    8.972|
data<5>        |a_to_g<4>      |    9.038|
data<5>        |a_to_g<5>      |    9.252|
data<5>        |a_to_g<6>      |    9.293|
data<6>        |a_to_g<0>      |    9.068|
data<6>        |a_to_g<1>      |    8.401|
data<6>        |a_to_g<2>      |    8.796|
data<6>        |a_to_g<3>      |    9.137|
data<6>        |a_to_g<4>      |    9.203|
data<6>        |a_to_g<5>      |    9.164|
data<6>        |a_to_g<6>      |    8.737|
data<7>        |a_to_g<0>      |    9.077|
data<7>        |a_to_g<1>      |    8.529|
data<7>        |a_to_g<2>      |    8.924|
data<7>        |a_to_g<3>      |    8.922|
data<7>        |a_to_g<4>      |    8.988|
data<7>        |a_to_g<5>      |    9.173|
data<7>        |a_to_g<6>      |    8.632|
data<8>        |a_to_g<0>      |    8.731|
data<8>        |a_to_g<1>      |    8.710|
data<8>        |a_to_g<2>      |    9.105|
data<8>        |a_to_g<3>      |    8.842|
data<8>        |a_to_g<4>      |    8.908|
data<8>        |a_to_g<5>      |    8.827|
data<8>        |a_to_g<6>      |    9.313|
data<9>        |a_to_g<0>      |    9.280|
data<9>        |a_to_g<1>      |    9.098|
data<9>        |a_to_g<2>      |    9.493|
data<9>        |a_to_g<3>      |    9.096|
data<9>        |a_to_g<4>      |    9.162|
data<9>        |a_to_g<5>      |    9.376|
data<9>        |a_to_g<6>      |    9.417|
data<10>       |a_to_g<0>      |    8.398|
data<10>       |a_to_g<1>      |    7.731|
data<10>       |a_to_g<2>      |    8.126|
data<10>       |a_to_g<3>      |    8.467|
data<10>       |a_to_g<4>      |    8.533|
data<10>       |a_to_g<5>      |    8.494|
data<10>       |a_to_g<6>      |    8.067|
data<11>       |a_to_g<0>      |    8.214|
data<11>       |a_to_g<1>      |    7.666|
data<11>       |a_to_g<2>      |    8.061|
data<11>       |a_to_g<3>      |    8.059|
data<11>       |a_to_g<4>      |    8.125|
data<11>       |a_to_g<5>      |    8.310|
data<11>       |a_to_g<6>      |    7.769|
data<12>       |a_to_g<0>      |    7.754|
data<12>       |a_to_g<1>      |    7.733|
data<12>       |a_to_g<2>      |    8.128|
data<12>       |a_to_g<3>      |    7.865|
data<12>       |a_to_g<4>      |    7.931|
data<12>       |a_to_g<5>      |    7.850|
data<12>       |a_to_g<6>      |    8.336|
data<13>       |a_to_g<0>      |    7.943|
data<13>       |a_to_g<1>      |    7.761|
data<13>       |a_to_g<2>      |    8.156|
data<13>       |a_to_g<3>      |    7.759|
data<13>       |a_to_g<4>      |    7.825|
data<13>       |a_to_g<5>      |    8.039|
data<13>       |a_to_g<6>      |    8.080|
data<14>       |a_to_g<0>      |    8.549|
data<14>       |a_to_g<1>      |    7.882|
data<14>       |a_to_g<2>      |    8.277|
data<14>       |a_to_g<3>      |    8.618|
data<14>       |a_to_g<4>      |    8.684|
data<14>       |a_to_g<5>      |    8.645|
data<14>       |a_to_g<6>      |    8.218|
data<15>       |a_to_g<0>      |    8.306|
data<15>       |a_to_g<1>      |    7.758|
data<15>       |a_to_g<2>      |    8.153|
data<15>       |a_to_g<3>      |    8.151|
data<15>       |a_to_g<4>      |    8.217|
data<15>       |a_to_g<5>      |    8.402|
data<15>       |a_to_g<6>      |    7.861|
we_en          |addr<0>        |   11.999|
we_en          |addr<1>        |   12.820|
we_en          |addr<2>        |   11.851|
we_en          |addr<3>        |   11.765|
we_en          |addr<4>        |   10.746|
we_en          |addr<5>        |   10.519|
we_en          |addr<6>        |   11.579|
we_en          |addr<7>        |   11.665|
we_en          |addr<8>        |   11.172|
we_en          |addr<9>        |   10.915|
we_en          |addr<10>       |   11.732|
we_en          |addr<11>       |   12.110|
we_en          |addr<12>       |   12.163|
we_en          |addr<13>       |   12.381|
we_en          |addr<14>       |   12.330|
we_en          |addr<15>       |   12.884|
we_en          |addr<16>       |   12.833|
we_en          |addr<17>       |   12.125|
we_en          |addr<18>       |   12.017|
we_en          |addr<19>       |   12.125|
we_en          |addr<20>       |   12.957|
we_en          |addr<21>       |   11.730|
we_en          |addr<22>       |   11.850|
we_en          |we             |    8.677|
---------------+---------------+---------+


Analysis completed Wed Jun 10 16:10:49 2015 
--------------------------------------------------------------------------------

Trace Settings:
-------------------------
Trace Settings 

Peak Memory Usage: 208 MB



