--------------------------------------------------------------------------------
Release 14.7 Trace  (nt64)
Copyright (c) 1995-2013 Xilinx, Inc.  All rights reserved.

C:\Xilinx\14.7\ISE_DS\ISE\bin\nt64\unwrapped\trce.exe -intstyle ise -v 3 -s 3
-n 3 -fastpaths -xml vga_640x480_picture_top.twx vga_640x480_picture_top.ncd -o
vga_640x480_picture_top.twr vga_640x480_picture_top.pcf -ucf
vga_640x480_picture.ucf

Design file:              vga_640x480_picture_top.ncd
Physical constraint file: vga_640x480_picture_top.pcf
Device,package,speed:     xc6slx16,csg324,C,-3 (PRODUCTION 1.23 2013-10-13)
Report level:             verbose report

Environment Variable      Effect 
--------------------      ------ 
NONE                      No environment variables were set
--------------------------------------------------------------------------------

INFO:Timing:2698 - No timing constraints found, doing default enumeration.
INFO:Timing:3412 - To improve timing, see the Timing Closure User Guide (UG612).
INFO:Timing:2752 - To get complete path coverage, use the unconstrained paths 
   option. All paths that are not constrained will be reported in the 
   unconstrained paths section(s) of the report.
INFO:Timing:3339 - The clock-to-out numbers in this timing report are based on 
   a 50 Ohm transmission line loading model.  For the details of this model, 
   and for more information on accounting for different loading conditions, 
   please see the device datasheet.



Data Sheet report:
-----------------
All values displayed in nanoseconds (ns)

Setup/Hold to clock clk
------------+------------+------------+------------+------------+------------------+--------+
            |Max Setup to|  Process   |Max Hold to |  Process   |                  | Clock  |
Source      | clk (edge) |   Corner   | clk (edge) |   Corner   |Internal Clock(s) | Phase  |
------------+------------+------------+------------+------------+------------------+--------+
btn         |    2.017(R)|      SLOW  |   -1.235(R)|      FAST  |clk_BUFGP         |   0.000|
------------+------------+------------+------------+------------+------------------+--------+

Clock to Setup on destination clock clk
---------------+---------+---------+---------+---------+
               | Src:Rise| Src:Fall| Src:Rise| Src:Fall|
Source Clock   |Dest:Rise|Dest:Rise|Dest:Fall|Dest:Fall|
---------------+---------+---------+---------+---------+
clk            |    1.234|         |         |         |
---------------+---------+---------+---------+---------+

Pad to Pad
---------------+---------------+---------+
Source Pad     |Destination Pad|  Delay  |
---------------+---------------+---------+
sw<0>          |blue<0>        |   11.024|
sw<0>          |blue<1>        |   11.284|
sw<0>          |green<0>       |   11.002|
sw<0>          |green<1>       |   11.452|
sw<0>          |green<2>       |   11.539|
sw<0>          |red<0>         |   11.838|
sw<0>          |red<1>         |   11.496|
sw<0>          |red<2>         |   11.755|
sw<1>          |blue<0>        |   10.848|
sw<1>          |blue<1>        |   11.108|
sw<1>          |green<0>       |   10.826|
sw<1>          |green<1>       |   11.276|
sw<1>          |green<2>       |   11.363|
sw<1>          |red<0>         |   11.662|
sw<1>          |red<1>         |   11.320|
sw<1>          |red<2>         |   11.579|
sw<2>          |blue<0>        |   10.859|
sw<2>          |blue<1>        |   11.119|
sw<2>          |green<0>       |   10.837|
sw<2>          |green<1>       |   11.287|
sw<2>          |green<2>       |   11.374|
sw<2>          |red<0>         |   11.673|
sw<2>          |red<1>         |   11.331|
sw<2>          |red<2>         |   11.590|
sw<3>          |blue<0>        |   11.035|
sw<3>          |blue<1>        |   11.295|
sw<3>          |green<0>       |   11.013|
sw<3>          |green<1>       |   11.463|
sw<3>          |green<2>       |   11.495|
sw<3>          |red<0>         |   11.849|
sw<3>          |red<1>         |   11.507|
sw<3>          |red<2>         |   11.766|
sw<4>          |blue<0>        |   11.853|
sw<4>          |blue<1>        |   12.107|
sw<4>          |green<0>       |   11.666|
sw<4>          |green<1>       |   11.649|
sw<4>          |green<2>       |   12.085|
sw<4>          |red<0>         |   12.175|
sw<4>          |red<1>         |   11.717|
sw<4>          |red<2>         |   12.433|
sw<5>          |blue<0>        |   12.040|
sw<5>          |blue<1>        |   12.127|
sw<5>          |green<0>       |   11.693|
sw<5>          |green<1>       |   11.836|
sw<5>          |green<2>       |   12.272|
sw<5>          |red<0>         |   12.362|
sw<5>          |red<1>         |   11.904|
sw<5>          |red<2>         |   12.620|
sw<6>          |blue<0>        |   11.807|
sw<6>          |blue<1>        |   12.170|
sw<6>          |green<0>       |   11.729|
sw<6>          |green<1>       |   11.507|
sw<6>          |green<2>       |   11.943|
sw<6>          |red<0>         |   12.033|
sw<6>          |red<1>         |   11.575|
sw<6>          |red<2>         |   12.291|
sw<7>          |blue<0>        |   11.149|
sw<7>          |blue<1>        |   11.430|
sw<7>          |green<0>       |   10.989|
sw<7>          |green<1>       |   10.945|
sw<7>          |green<2>       |   11.381|
sw<7>          |red<0>         |   11.471|
sw<7>          |red<1>         |   11.013|
sw<7>          |red<2>         |   11.729|
---------------+---------------+---------+


Analysis completed Mon Jun 13 14:51:36 2016 
--------------------------------------------------------------------------------

Trace Settings:
-------------------------
Trace Settings 

Peak Memory Usage: 226 MB



